// Jest Snapshot v1, https://goo.gl/fbAQLP

exports[`accepts a description prop that's a string 1`] = `
<div
  className="story"
>
  <p
    className="description"
  >
    hello
  </p>
</div>
`;
