// Jest Snapshot v1, https://goo.gl/fbAQLP

exports[`accepts a content prop (string) and renders it 1`] = `
<button>
  BUTTON
</button>
`;
